SQL> select dname from dept where deptno=(select deptno from emp where ename='SMITH');

DNAME
--------------
RESEARCH

SQL> select dname,LOC from dept where deptno=(select deptno from emp where ename='KING');

DNAME          LOC
-------------- -------------
ACCOUNTING     NEW YORK

SQL> select LOC from dept where deptno=(select deptno from emp where EMPNO=7902);

LOC
-------------
DALLAS

SQL> select dname,LOC from dept where deptno=(select deptno from emp where ename LIKE '%S');
select dname,LOC from dept where deptno=(select deptno from emp where ename LIKE '%S')
                                         *
ERROR at line 1:
ORA-01427: single-row subquery returns more than one row


SQL> select dname,LOC,DEPTNO from dept where deptno=(select deptno from emp where ename LIKE '%S');
select dname,LOC,DEPTNO from dept where deptno=(select deptno from emp where ename LIKE '%S')
                                                *
ERROR at line 1:
ORA-01427: single-row subquery returns more than one row


SQL> select dname,LOC,DEPTNO from dept where deptno=(select deptno from emp where ename LIKE '%S');
select dname,LOC,DEPTNO from dept where deptno=(select deptno from emp where ename LIKE '%S')
                                                *
ERROR at line 1:
ORA-01427: single-row subquery returns more than one row


SQL> SELECT DNAME,LOC,DEPTNO FROM DEPT WHERE DEPTNO=(SELECT DEPTNO FROM EMP WHERE ENAME LIKE '%_S');
SELECT DNAME,LOC,DEPTNO FROM DEPT WHERE DEPTNO=(SELECT DEPTNO FROM EMP WHERE ENAME LIKE '%_S')
                                                *
ERROR at line 1:
ORA-01427: single-row subquery returns more than one row


SQL> SELECT DNAME FROM DEPT WHERE DEPTNO=(SELECT DEPTNO FROM EMP WHERE JOB='PRESIDENT');

DNAME
--------------
ACCOUNTING

SQL> SELECT DNAME,LOC,DEPTNO FROM DEPT WHERE DEPTNO=(SELECT DEPTNO FROM EMP WHERE ENAME LIKE '%_S');
SELECT DNAME,LOC,DEPTNO FROM DEPT WHERE DEPTNO=(SELECT DEPTNO FROM EMP WHERE ENAME LIKE '%_S')
                                                *
ERROR at line 1:
ORA-01427: single-row subquery returns more than one row


SQL> SELECT ENAME FROM EMP WHERE DEPTNO=(SELECT DEPTNO FROM DEPT WHERE DNAME = 'ACCOUNTING');

ENAME
----------
CLARK
KING
MILLER

SQL> SELCT ENAME,SAL FROM EMP WHERE DEPTNO=(SELECT DEPTNO FROM DEPT WHERE LOC='CHICAGO');
SP2-0734: unknown command beginning "SELCT ENAM..." - rest of line ignored.
SQL> SELECT ENAME,SAL FROM EMP WHERE DEPTNO=(SELECT DEPTNO FROM DEPT WHERE LOC='CHICAGO');

ENAME             SAL
---------- ----------
ALLEN            1600
WARD             1250
MARTIN           1250
BLAKE            2850
TURNER           1500
JAMES             950

6 rows selected.

SQL> SELECT * FROM EMP WHERE DEPTNO=(SELECT DEPTNO FROMDEPT WHERE DNAME='SALES');
SELECT * FROM EMP WHERE DEPTNO=(SELECT DEPTNO FROMDEPT WHERE DNAME='SALES')
                                                       *
ERROR at line 1:
ORA-00923: FROM keyword not found where expected


SQL> SELECT * FROM EMP WHERE DEPTNO=(SELECT DEPTNO FROM DEPT WHERE DNAME='SALES');

     EMPNO ENAME      JOB              MGR HIREDATE         SAL       COMM     DEPTNO
---------- ---------- --------- ---------- --------- ---------- ---------- ----------
      7499 ALLEN      SALESMAN        7698 20-FEB-81       1600        300         30
      7521 WARD       SALESMAN        7698 22-FEB-81       1250        500         30
      7654 MARTIN     SALESMAN        7698 28-SEP-81       1250       1400         30
      7698 BLAKE      MANAGER         7839 01-MAY-81       2850                    30
      7844 TURNER     SALESMAN        7698 08-SEP-81       1500          0         30
      7900 JAMES      CLERK           7698 03-DEC-81        950                    30

6 rows selected.

SQL> SELECT EMP.*,SAL*12 AS "ANNUAL SAL" FROM EMP WHERE DEPTNO=(SELECT DEPTNO FROM DEPT WHERE LOC='NEW YORK');

     EMPNO ENAME      JOB              MGR HIREDATE         SAL       COMM     DEPTNO ANNUAL SAL
---------- ---------- --------- ---------- --------- ---------- ---------- ---------- ----------
      7782 CLARK      MANAGER         7839 09-JUN-81       2450                    10      29400
      7839 KING       PRESIDENT            17-NOV-81       5000                    10      60000
      7934 MILLER     CLERK           7782 23-JAN-82       1300                    10      15600

SQL> SELECT ENAME FROM EMP WHERE DEPTNO=(SELECT DEPTNO FROM DEPT WHERE DNAME='OPERATIONS');

no rows selected

SQL> SELECT DNAME,LOC,DEPTNO FROM DEPT WHERE DEPTNO=(SELECT DEPTNO FROM EMPWHERE ENAME LIKE '%_S');
SELECT DNAME,LOC,DEPTNO FROM DEPT WHERE DEPTNO=(SELECT DEPTNO FROM EMPWHERE ENAME LIKE '%_S')
                                                                                  *
ERROR at line 1:
ORA-00907: missing right parenthesis


SQL> SELECT DNAME,LOC,DEPTNO FROM DEPT WHERE DEPTNO=(SELECT DEPTNO FROM EMP WHERE ENAME LIKE '%_S');
SELECT DNAME,LOC,DEPTNO FROM DEPT WHERE DEPTNO=(SELECT DEPTNO FROM EMP WHERE ENAME LIKE '%_S')
                                                *
ERROR at line 1:
ORA-01427: single-row subquery returns more than one row


SQL> SELECT DNAME,LOC FROM DEPT WHERE DEPTNO=(SELECT DEPTNO FROM EMP WHERE ENAME LIKE '%S');
SELECT DNAME,LOC FROM DEPT WHERE DEPTNO=(SELECT DEPTNO FROM EMP WHERE ENAME LIKE '%S')
                                         *
ERROR at line 1:
ORA-01427: single-row subquery returns more than one row


SQL> SELECT DNAME,LOC FROM DEPT WHERE DEPTNO=(SELECT DEPTNO FROM EMP WHERE ENAME LIKE '%R');
SELECT DNAME,LOC FROM DEPT WHERE DEPTNO=(SELECT DEPTNO FROM EMP WHERE ENAME LIKE '%R')
                                         *
ERROR at line 1:
ORA-01427: single-row subquery returns more than one row


SQL> SELECT DNAME,LOC
  2  FROM DEPT
  3  WHERE DEPTNO=(SELECT DEPTNO
  4  FROM EMP
  5  WHERE ENAME LIKE '%R');
WHERE DEPTNO=(SELECT DEPTNO
              *
ERROR at line 3:
ORA-01427: single-row subquery returns more than one row


SQL> L
