SQL> select ename from emp where sal< all (select sal from emp where job='SALESMAN');

ENAME
----------
ADAMS
JAMES
SMITH

SQL> select ename from emp where sal< (select MAX(sal) from emp where job='SALESMAN');

ENAME
----------
SMITH
WARD
MARTIN
TURNER
ADAMS
JAMES
MILLER

7 rows selected.

SQL> select ename from emp where sal< all (select sal from emp where job='SALESMAN');

ENAME
----------
ADAMS
JAMES
SMITH

SQL> select ename from emp where sal < aNY (select sal from emp where job='SALESMAN');

ENAME
----------
SMITH
JAMES
ADAMS
WARD
MARTIN
MILLER
TURNER

7 rows selected.

SQL> SELECT ENAME FROM EMP WHERE SAL>(SELECT SAL FROM EMP WHERE ENAME='ADAMS');

ENAME
----------
ALLEN
WARD
JONES
MARTIN
BLAKE
CLARK
SCOTT
KING
TURNER
FORD
MILLER

11 rows selected.

SQL> SELECT ENAME  FROM EMP WHERE SAL>ANY(SELECT SAL FROM EMP WHERE JOB='SALESMAN' FROM EMP);
SELECT ENAME  FROM EMP WHERE SAL>ANY(SELECT SAL FROM EMP WHERE JOB='SALESMAN' FROM EMP)
                                                                              *
ERROR at line 1:
ORA-00907: missing right parenthesis


SQL> SELECT ENAME  FROM EMP WHERE SAL>ANY(SELECT SAL FROM EMP WHERE JOB='SALESMAN');

ENAME
----------
KING
FORD
SCOTT
JONES
BLAKE
CLARK
ALLEN
TURNER
MILLER

9 rows selected.

SQL> SELECT * FROM EMP WHERE HIREDAT > ALL(SELECT HIREDATE FROM EMP WHERE JOB='CLERK');
SELECT * FROM EMP WHERE HIREDAT > ALL(SELECT HIREDATE FROM EMP WHERE JOB='CLERK')
                        *
ERROR at line 1:
ORA-00904: "HIREDAT": invalid identifier


SQL> SELECT * FROM EMP WHERE HIREDATE > ALL(SELECT HIREDATE FROM EMP WHERE JOB='CLERK');

no rows selected

SQL> SELECT ENAME,SAL FROM EMP WHERE SAL< ANY (SELECT SAL FROM EMP WHERE JOB='MANAGER');

ENAME             SAL
---------- ----------
SMITH             800
JAMES             950
ADAMS            1100
WARD             1250
MARTIN           1250
MILLER           1300
TURNER           1500
ALLEN            1600
CLARK            2450
BLAKE            2850

10 rows selected.

SQL> SELECT ENAME,HIREDATE FROM EMP WHERE HIREDATE <(SELECT HIREDATE FROM EMP WHERE JOB='MANAGER');
SELECT ENAME,HIREDATE FROM EMP WHERE HIREDATE <(SELECT HIREDATE FROM EMP WHERE JOB='MANAGER')
                                                *
ERROR at line 1:
ORA-01427: single-row subquery returns more than one row


SQL> SELECT ENAME,HIREDATE FROM EMP WHERE HIREDATE < ALL(SELECT HIREDATE FROM EMP WHERE JOB='MANAGER');

ENAME      HIREDATE
---------- ---------
WARD       22-FEB-81
ALLEN      20-FEB-81
SMITH      17-DEC-80

SQL> SELECT ENAME FROM EMP WHERE HIREDATE>ALL(SELECT HIREDATE FROM EMP WHERE JOB='MANAGER AND  WHERE SAL > ALL(SELECT SAL FROM EMP WHERE JOB='CLERK');
ERROR:
ORA-01756: quoted string not properly terminated


SQL> SELECT ENAME FROM EMP WHERE HIREDATE>ALL(SELECT HIREDATE FROM EMP WHERE JOB='MANAGER AND  WHERE SAL > ALL(SELECT SAL FROM EMP WHERE JOB='CLERK'));
ERROR:
ORA-01756: quoted string not properly terminated


SQL> SELECT ENAME FROM EMP WHERE HIREDATE>ALL(SELECT HIREDATE FROM EMP WHERE JOB='MANAGE)R AND  WHERE SAL > ALL(SELECT SAL FROM EMP WHERE JOB='CLERK');
ERROR:
ORA-01756: quoted string not properly terminated


SQL> SELECT ENAME FROM EMP WHERE HIREDATE>ALL(SELECT HIREDATE FROM EMP WHERE JOB='MANAGER' AND  WHERE SAL > ALL(SELECT SAL FROM EMP WHERE JOB='CLERK'));
SELECT ENAME FROM EMP WHERE HIREDATE>ALL(SELECT HIREDATE FROM EMP WHERE JOB='MANAGER' AND  WHERE SAL > ALL(SELECT SAL FROM EMP WHERE JOB='CLERK'))
                                                                                           *
ERROR at line 1:
ORA-00936: missing expression


SQL> SELECT ENAME FROM EMP WHERE HIREDATE>ALL(SELECT HIREDATE FROM EMP WHERE JOB='MANAGER' AND  WHERE SAL > ALL(SELECT SAL FROM EMP WHERE JOB='CLERK'));
SELECT ENAME FROM EMP WHERE HIREDATE>ALL(SELECT HIREDATE FROM EMP WHERE JOB='MANAGER' AND  WHERE SAL > ALL(SELECT SAL FROM EMP WHERE JOB='CLERK'))
                                                                                           *
ERROR at line 1:
ORA-00936: missing expression


SQL> SELECT ENAME FROM EMP WHERE HIREDATE>ALL(SELECT HIREDATE FROM EMP WHERE JOB='MANAGER') AND  WHERE SAL > ALL(SELECT SAL FROM EMP WHERE JOB='CLERK');
SELECT ENAME FROM EMP WHERE HIREDATE>ALL(SELECT HIREDATE FROM EMP WHERE JOB='MANAGER') AND  WHERE SAL > ALL(SELECT SAL FROM EMP WHERE JOB='CLERK')
                                                                                            *
ERROR at line 1:
ORA-00936: missing expression


SQL> SELECT ENAME FROM EMP WHERE HIREDATE>ALL(SELECT HIREDATE FROM EMP WHERE JOB='MANAGER') AND  WHERE SAL > ALL(SELECT SAL FROM EMP WHERE JOB='CLERK');
SELECT ENAME FROM EMP WHERE HIREDATE>ALL(SELECT HIREDATE FROM EMP WHERE JOB='MANAGER') AND  WHERE SAL > ALL(SELECT SAL FROM EMP WHERE JOB='CLERK')
                                                                                            *
ERROR at line 1:
ORA-00936: missing expression


SQL> SELECT ENAME FROM EMP WHERE HIREDATE>ALL(SELECT HIREDATE FROM EMP WHERE JOB='MANAGER') AND  SAL > ALL(SELECT SAL FROM EMP WHERE JOB='CLERK');

ENAME
----------
TURNER
KING
FORD
SCOTT

SQL> SELECT * FROM EMP WHERE DEPTNO IN (SELECT DEPTNO FROM DEPT WHERE DNAME IN ('ACCOUNTING','SALES');
SELECT * FROM EMP WHERE DEPTNO IN (SELECT DEPTNO FROM DEPT WHERE DNAME IN ('ACCOUNTING','SALES')
                                                                                               *
ERROR at line 1:
ORA-00907: missing right parenthesis


SQL> SELECT * FROM EMP WHERE DEPTNO IN (SELECT DEPTNO FROM DEPT WHERE DNAME IN ('ACCOUNTING','SALES'));

     EMPNO ENAME      JOB              MGR HIREDATE         SAL       COMM     DEPTNO
---------- ---------- --------- ---------- --------- ---------- ---------- ----------
      7782 CLARK      MANAGER         7839 09-JUN-81       2450                    10
      7839 KING       PRESIDENT            17-NOV-81       5000                    10
      7934 MILLER     CLERK           7782 23-JAN-82       1300                    10
      7521 WARD       SALESMAN        7698 22-FEB-81       1250        500         30
      7844 TURNER     SALESMAN        7698 08-SEP-81       1500          0         30
      7499 ALLEN      SALESMAN        7698 20-FEB-81       1600        300         30
      7900 JAMES      CLERK           7698 03-DEC-81        950                    30
      7698 BLAKE      MANAGER         7839 01-MAY-81       2850                    30
      7654 MARTIN     SALESMAN        7698 28-SEP-81       1250       1400         30

9 rows selected.

SQL> SELECT DNAME FROM DEPT WHERE DEPTNO IN (SELECT DEPTNO FROM EMP WHERE ENAME IN('SMITH','KING','MILLER');
SELECT DNAME FROM DEPT WHERE DEPTNO IN (SELECT DEPTNO FROM EMP WHERE ENAME IN('SMITH','KING','MILLER')
                                                                                                     *
ERROR at line 1:
ORA-00907: missing right parenthesis


SQL> SELECT DNAME FROM DEPT WHERE DEPTNO IN (SELECT DEPTNO FROM EMP WHERE ENAME IN('SMITH','KING','MILLER'));

DNAME
--------------
ACCOUNTING
RESEARCH

SQL> SELECT 8 FROM EMP;

         8
----------
         8
         8
         8
         8
         8
         8
         8
         8
         8
         8
         8
         8
         8
         8

14 rows selected.

SQL> SELECT * FROM EMP;

     EMPNO ENAME      JOB              MGR HIREDATE         SAL       COMM     DEPTNO
---------- ---------- --------- ---------- --------- ---------- ---------- ----------
      7369 SMITH      CLERK           7902 17-DEC-80        800                    20
      7499 ALLEN      SALESMAN        7698 20-FEB-81       1600        300         30
      7521 WARD       SALESMAN        7698 22-FEB-81       1250        500         30
      7566 JONES      MANAGER         7839 02-APR-81       2975                    20
      7654 MARTIN     SALESMAN        7698 28-SEP-81       1250       1400         30
      7698 BLAKE      MANAGER         7839 01-MAY-81       2850                    30
      7782 CLARK      MANAGER         7839 09-JUN-81       2450                    10
      7788 SCOTT      ANALYST         7566 19-APR-87       3000                    20
      7839 KING       PRESIDENT            17-NOV-81       5000                    10
      7844 TURNER     SALESMAN        7698 08-SEP-81       1500          0         30
      7876 ADAMS      CLERK           7788 23-MAY-87       1100                    20
      7900 JAMES      CLERK           7698 03-DEC-81        950                    30
      7902 FORD       ANALYST         7566 03-DEC-81       3000                    20
      7934 MILLER     CLERK           7782 23-JAN-82       1300                    10

14 rows selected.

SQL> SELECT * FROM DEPT;

    DEPTNO DNAME          LOC
---------- -------------- -------------
        10 ACCOUNTING     NEW YORK
        20 RESEARCH       DALLAS
        30 SALES          CHICAGO
        40 OPERATIONS     BOSTON

SQL> SELECT * FROM EMP WHERE DEPTNO=(SELECT DEPTNO FROM DEPT WHERE LOC IN('NEW YORK','CHICAGO'));
SELECT * FROM EMP WHERE DEPTNO=(SELECT DEPTNO FROM DEPT WHERE LOC IN('NEW YORK','CHICAGO'))
                                *
ERROR at line 1:
ORA-01427: single-row subquery returns more than one row


SQL> SELECT * FROM EMP WHERE DEPTNO IN (SELECT DEPTNO FROM DEPT WHERE LOC IN('NEW YORK','CHICAGO'));

     EMPNO ENAME      JOB              MGR HIREDATE         SAL       COMM     DEPTNO
---------- ---------- --------- ---------- --------- ---------- ---------- ----------
      7782 CLARK      MANAGER         7839 09-JUN-81       2450                    10
      7839 KING       PRESIDENT            17-NOV-81       5000                    10
      7934 MILLER     CLERK           7782 23-JAN-82       1300                    10
      7521 WARD       SALESMAN        7698 22-FEB-81       1250        500         30
      7844 TURNER     SALESMAN        7698 08-SEP-81       1500          0         30
      7499 ALLEN      SALESMAN        7698 20-FEB-81       1600        300         30
      7900 JAMES      CLERK           7698 03-DEC-81        950                    30
      7698 BLAKE      MANAGER         7839 01-MAY-81       2850                    30
      7654 MARTIN     SALESMAN        7698 28-SEP-81       1250       1400         30

9 rows selected.

SQL> SELECT * FROM EMP WHERE DEPTNO IN (SELECT DEPTNO FROM DEPT WHERE LOC IN('NEW YORK','CHICAGO'));

     EMPNO ENAME      JOB              MGR HIREDATE         SAL       COMM     DEPTNO
---------- ---------- --------- ---------- --------- ---------- ---------- ----------
      7782 CLARK      MANAGER         7839 09-JUN-81       2450                    10
      7839 KING       PRESIDENT            17-NOV-81       5000                    10
      7934 MILLER     CLERK           7782 23-JAN-82       1300                    10
      7521 WARD       SALESMAN        7698 22-FEB-81       1250        500         30
      7844 TURNER     SALESMAN        7698 08-SEP-81       1500          0         30
      7499 ALLEN      SALESMAN        7698 20-FEB-81       1600        300         30
      7900 JAMES      CLERK           7698 03-DEC-81        950                    30
      7698 BLAKE      MANAGER         7839 01-MAY-81       2850                    30
      7654 MARTIN     SALESMAN        7698 28-SEP-81       1250       1400         30

9 rows selected.

SQL> SELECT * FROM DEPT;

    DEPTNO DNAME          LOC
---------- -------------- -------------
        10 ACCOUNTING     NEW YORK
        20 RESEARCH       DALLAS
        30 SALES          CHICAGO
        40 OPERATIONS     BOSTON

SQL> SELECT ENAME FROM EMP WHERE HIREDATE>ALL(SELECT HIREDATE FROM EMP WHERE DEPTNO=10);

ENAME
----------
SCOTT
ADAMS

SQL>











