SQL> SELECT MAX(SAL) FROM EMP WHERE SAL<(SELECT MAX(SAL) FROM EMP);

  MAX(SAL)
----------
      3000

SQL> SELECT MAX(SAL) FROM EMP WHERE SAL<(SELECT MAX(SAL) FROM EMP WHERE SAL<(SELECT MAX(SAL) FROM EMP WHERE SAL<(SELECT MAX(SAL) FROM EMP )));

  MAX(SAL)
----------
      2850

SQL> SELECT MIN(SAL) FROM EMP WHERE SAL>(SELECT MIN(SAL) FROM EMP WHERE SAL>(SELECT MIN(SAL) FROM EMP);
SELECT MIN(SAL) FROM EMP WHERE SAL>(SELECT MIN(SAL) FROM EMP WHERE SAL>(SELECT MIN(SAL) FROM EMP)
                                    *
ERROR at line 1:
ORA-00921: unexpected end of SQL command


SQL> SELECT MIN(SAL) FROM EMP WHERE SAL>(SELECT MIN(SAL) FROM EMP WHERE SAL>(SELECT MIN(SAL) FROM EMP));

  MIN(SAL)
----------
      1100

SQL> SELECT DNAME FROM DEPT WHERE DEPTNO=(SELECT DEPTNO FROM EMP WHERE SAL>(SELECT MIN(SAL) FROM EMP WHERE SAL>(SELECT MIN(SAL) FROM EMP)));
SELECT DNAME FROM DEPT WHERE DEPTNO=(SELECT DEPTNO FROM EMP WHERE SAL>(SELECT MIN(SAL) FROM EMP WHERE SAL>(SELECT MIN(SAL) FROM EMP)))
                                     *
ERROR at line 1:
ORA-01427: single-row subquery returns more than one row


SQL> SELECT DNAME FROM DEPT WHERE DEPTNO IN(SELECT DEPTNO FROM EMP WHERE SAL>(SELECT MIN(SAL) FROM EMP WHERE SAL>(SELECT MIN(SAL) FROM EMP)));

DNAME
--------------
SALES
RESEARCH
ACCOUNTING

SQL> SELECT MIN(SAL) FROM EMP WHERE SAL<(SELECT MIN(SAL) FROM EMP);

  MIN(SAL)
----------


SQL> SELECT MIN(SAL) FROM EMP WHERE SAL>(SELECT MIN(SAL) FROM EMP);

  MIN(SAL)
----------
       950

SQL> SELECT DNAME FROM DEPT WHERE DEPTNO IN (SELECT DEPTNO FROM EMP WHERE SAL>(SELECT MIN(SAL) FROM EMP WHERE SAL>(SELECT MIN(SAL) FROM EMP)));

DNAME
--------------
SALES
RESEARCH
ACCOUNTING

SQL> SELECT DNAME FROM DEPT WHERE DEPTNO IN (SELECT DEPTNO FROM EMP WHERE SAL=(SELECT MIN(SAL) FROM EMP WHERE SAL>(SELECT MIN(SAL) FROM EMP)));

DNAME
--------------
SALES

SQL> SELECT DNAME FROM DEPT WHERE DEPTNO = (SELECT DEPTNO FROM EMP WHERE SAL=(SELECT MIN(SAL) FROM EMP WHERE SAL>(SELECT MIN(SAL) FROM EMP)));

DNAME
--------------
SALES

SQL> SELECT DNAME FROM DEPT WHERE DEPTNO IN (SELECT DEPTNO FROM EMP WHERE SAL IN (SELECT MIN(SAL) FROM EMP WHERE SAL>(SELECT MIN(SAL) FROM EMP)));

DNAME
--------------
SALES

SQL>




















